{"timestamp":"2026-09-28T06:21:25.276872","level":"info","event":"DAG bundles loaded: dags-folder","logger":"airflow.dag_processing.bundles.manager.DagBundlesManager"}
{"timestamp":"2026-09-28T06:21:25.278195","level":"info","event":"Filling up the DagBag from /opt/airflow/dags/zomato_batch.py","logger":"airflow.models.dagbag.DagBag"}
{"timestamp":"2026-09-28T06:21:25.566294","level":"info","event":"Tmp dir root location: /tmp","logger":"airflow.task.hooks.airflow.providers.standard.hooks.subprocess.SubprocessHook"}
{"timestamp":"2026-09-28T06:21:25.923038","level":"info","event":"Running command: ['/usr/bin/bash', '-c', '/opt/airflow/dbt_venv/bin/dbt build --exclude tag:ai --project-dir /opt/airflow/dbt/zomato --profiles-dir /opt/airflow/dbt/zomato']","logger":"airflow.task.hooks.airflow.providers.standard.hooks.subprocess.SubprocessHook"}
{"timestamp":"2026-09-28T06:21:25.951597","level":"info","event":"Output:","logger":"airflow.task.hooks.airflow.providers.standard.hooks.subprocess.SubprocessHook"}
{"timestamp":"2026-09-28T06:22:38.813053","level":"info","event":"\u001b[0m06:22:38  Running with dbt=1.12.5","logger":"airflow.task.hooks.airflow.providers.standard.hooks.subprocess.SubprocessHook"}
{"timestamp":"2026-09-28T06:23:04.324736","level":"info","event":"\u001b[0m06:23:04  Registered adapter: snowflake=1.8.4","logger":"airflow.task.hooks.airflow.providers.standard.hooks.subprocess.SubprocessHook"}
{"timestamp":"2026-09-28T06:23:17.239953","level":"info","event":"\u001b[0m06:23:17  [\u001b[33mWARNING\u001b[0m]: Configuration paths exist in your dbt_project.yml file which do not apply to any resources.","logger":"airflow.task.hooks.airflow.providers.standard.hooks.subprocess.SubprocessHook"}
{"timestamp":"2026-09-28T06:23:17.240300","level":"info","event":"There are 1 unused configuration paths:","logger":"airflow.task.hooks.airflow.providers.standard.hooks.subprocess.SubprocessHook"}
{"timestamp":"2026-09-28T06:23:17.240517","level":"info","event":"- models.snapshot.zomato","logger":"airflow.task.hooks.airflow.providers.standard.hooks.subprocess.SubprocessHook"}
{"timestamp":"2026-09-28T06:23:23.914453","level":"info","event":"\u001b[0m06:23:23  Found 17 models, 16 data tests, 8 sources, 506 macros","logger":"airflow.task.hooks.airflow.providers.standard.hooks.subprocess.SubprocessHook"}
{"timestamp":"2026-09-28T06:23:23.922597","level":"info","event":"\u001b[0m06:23:23","logger":"airflow.task.hooks.airflow.providers.standard.hooks.subprocess.SubprocessHook"}
{"timestamp":"2026-09-28T06:23:23.924843","level":"info","event":"\u001b[0m06:23:23  Concurrency: 8 threads (target='dev')","logger":"airflow.task.hooks.airflow.providers.standard.hooks.subprocess.SubprocessHook"}
{"timestamp":"2026-09-28T06:23:23.927492","level":"info","event":"\u001b[0m06:23:23","logger":"airflow.task.hooks.airflow.providers.standard.hooks.subprocess.SubprocessHook"}
{"timestamp":"2026-09-28T06:23:43.128284","level":"info","event":"\u001b[0m06:23:43  1 of 32 START sql table model marts.dim_date ................................... [RUN]","logger":"airflow.task.hooks.airflow.providers.standard.hooks.subprocess.SubprocessHook"}
{"timestamp":"2026-09-28T06:23:43.134564","level":"info","event":"\u001b[0m06:23:43  2 of 32 START sql view model staging.stg_food .................................. [RUN]","logger":"airflow.task.hooks.airflow.providers.standard.hooks.subprocess.SubprocessHook"}
{"timestamp":"2026-09-28T06:23:43.138247","level":"info","event":"\u001b[0m06:23:43  3 of 32 START sql view model staging.stg_menu .................................. [RUN]","logger":"airflow.task.hooks.airflow.providers.standard.hooks.subprocess.SubprocessHook"}
{"timestamp":"2026-09-28T06:23:43.162668","level":"info","event":"\u001b[0m06:23:43  6 of 32 START sql view model staging.stg_restaurants ........................... [RUN]","logger":"airflow.task.hooks.airflow.providers.standard.hooks.subprocess.SubprocessHook"}
{"timestamp":"2026-09-28T06:23:43.166883","level":"info","event":"\u001b[0m06:23:43  7 of 32 START sql view model staging.stg_users ................................. [RUN]","logger":"airflow.task.hooks.airflow.providers.standard.hooks.subprocess.SubprocessHook"}
{"timestamp":"2026-09-28T06:23:43.174326","level":"info","event":"\u001b[0m06:23:43  4 of 32 START sql view model staging.stg_orders ................................ [RUN]","logger":"airflow.task.hooks.airflow.providers.standard.hooks.subprocess.SubprocessHook"}
{"timestamp":"2026-09-28T06:23:43.175789","level":"info","event":"\u001b[0m06:23:43  5 of 32 START sql view model staging.stg_orders_item ........................... [RUN]","logger":"airflow.task.hooks.airflow.providers.standard.hooks.subprocess.SubprocessHook"}
{"timestamp":"2026-09-28T06:23:48.181695","level":"info","event":"\u001b[0m06:23:48  3 of 32 OK created sql view model staging.stg_menu ............................. [\u001b[32mSUCCESS 1\u001b[0m in 5.03s]","logger":"airflow.task.hooks.airflow.providers.standard.hooks.subprocess.SubprocessHook"}
{"timestamp":"2026-09-28T06:23:48.323258","level":"info","event":"\u001b[0m06:23:48  1 of 32 OK created sql table model marts.dim_date .............................. [\u001b[32mSUCCESS 1\u001b[0m in 5.14s]","logger":"airflow.task.hooks.airflow.providers.standard.hooks.subprocess.SubprocessHook"}
{"timestamp":"2026-09-28T06:23:48.345196","level":"info","event":"\u001b[0m06:23:48  6 of 32 OK created sql view model staging.stg_restaurants ...................... [\u001b[32mSUCCESS 1\u001b[0m in 5.15s]","logger":"airflow.task.hooks.airflow.providers.standard.hooks.subprocess.SubprocessHook"}
{"timestamp":"2026-09-28T06:23:48.356106","level":"info","event":"\u001b[0m06:23:48  2 of 32 OK created sql view model staging.stg_food ............................. [\u001b[32mSUCCESS 1\u001b[0m in 5.17s]","logger":"airflow.task.hooks.airflow.providers.standard.hooks.subprocess.SubprocessHook"}
{"timestamp":"2026-09-28T06:23:48.363738","level":"info","event":"\u001b[0m06:23:48  7 of 32 OK created sql view model staging.stg_users ............................ [\u001b[32mSUCCESS 1\u001b[0m in 5.16s]","logger":"airflow.task.hooks.airflow.providers.standard.hooks.subprocess.SubprocessHook"}
{"timestamp":"2026-09-28T06:23:48.384912","level":"info","event":"\u001b[0m06:23:48  8 of 32 START test not_null_stg_restaurants_restaurant_id ...................... [RUN]","logger":"airflow.task.hooks.airflow.providers.standard.hooks.subprocess.SubprocessHook"}
{"timestamp":"2026-09-28T06:23:48.387676","level":"info","event":"\u001b[0m06:23:48  9 of 32 START test unique_stg_restaurants_restaurant_id ........................ [RUN]","logger":"airflow.task.hooks.airflow.providers.standard.hooks.subprocess.SubprocessHook"}
{"timestamp":"2026-09-28T06:23:48.406008","level":"info","event":"\u001b[0m06:23:48  10 of 32 START sql table model marts.dim_food .................................. [RUN]","logger":"airflow.task.hooks.airflow.providers.standard.hooks.subprocess.SubprocessHook"}
{"timestamp":"2026-09-28T06:23:48.419648","level":"info","event":"\u001b[0m06:23:48  11 of 32 START test not_null_stg_users_customer_id ............................. [RUN]","logger":"airflow.task.hooks.airflow.providers.standard.hooks.subprocess.SubprocessHook"}
{"timestamp":"2026-09-28T06:23:48.427575","level":"info","event":"\u001b[0m06:23:48  12 of 32 START test unique_stg_users_customer_id ............................... [RUN]","logger":"airflow.task.hooks.airflow.providers.standard.hooks.subprocess.SubprocessHook"}
{"timestamp":"2026-09-28T06:23:48.770994","level":"info","event":"\u001b[0m06:23:48  4 of 32 OK created sql view model staging.stg_orders ........................... [\u001b[32mSUCCESS 1\u001b[0m in 5.30s]","logger":"airflow.task.hooks.airflow.providers.standard.hooks.subprocess.SubprocessHook"}
{"timestamp":"2026-09-28T06:23:49.781920","level":"info","event":"\u001b[0m06:23:49  14 of 32 START test not_null_stg_orders_order_id ............................... [RUN]","logger":"airflow.task.hooks.airflow.providers.standard.hooks.subprocess.SubprocessHook"}
{"timestamp":"2026-09-28T06:23:50.122237","level":"info","event":"\u001b[0m06:23:50  13 of 32 START test not_null_stg_orders_customer_id ............................ [RUN]","logger":"airflow.task.hooks.airflow.providers.standard.hooks.subprocess.SubprocessHook"}
{"timestamp":"2026-09-28T06:23:50.932919","level":"info","event":"\u001b[0m06:23:50  5 of 32 OK created sql view model staging.stg_orders_item ...................... [\u001b[32mSUCCESS 1\u001b[0m in 7.49s]","logger":"airflow.task.hooks.airflow.providers.standard.hooks.subprocess.SubprocessHook"}
{"timestamp":"2026-09-28T06:23:51.790242","level":"info","event":"\u001b[0m06:23:51  15 of 32 START test not_null_stg_orders_restaurant_id .......................... [RUN]","logger":"airflow.task.hooks.airflow.providers.standard.hooks.subprocess.SubprocessHook"}
{"timestamp":"2026-09-28T06:23:54.849043","level":"info","event":"\u001b[0m06:23:54  12 of 32 PASS unique_stg_users_customer_id ..................................... [\u001b[32mPASS\u001b[0m in 6.42s]","logger":"airflow.task.hooks.airflow.providers.standard.hooks.subprocess.SubprocessHook"}
{"timestamp":"2026-09-28T06:23:54.862416","level":"info","event":"\u001b[0m06:23:54  16 of 32 START test unique_stg_orders_order_id ................................. [RUN]","logger":"airflow.task.hooks.airflow.providers.standard.hooks.subprocess.SubprocessHook"}
{"timestamp":"2026-09-28T06:23:55.004043","level":"info","event":"\u001b[0m06:23:55  15 of 32 PASS not_null_stg_orders_restaurant_id ................................ [\u001b[32mPASS\u001b[0m in 3.20s]","logger":"airflow.task.hooks.airflow.providers.standard.hooks.subprocess.SubprocessHook"}
{"timestamp":"2026-09-28T06:23:55.017998","level":"info","event":"\u001b[0m06:23:55  17 of 32 START test not_null_stg_orders_item_order_item_id ..................... [RUN]","logger":"airflow.task.hooks.airflow.providers.standard.hooks.subprocess.SubprocessHook"}
{"timestamp":"2026-09-28T06:23:55.145024","level":"info","event":"\u001b[0m06:23:55  9 of 32 PASS unique_stg_restaurants_restaurant_id .............................. [\u001b[32mPASS\u001b[0m in 6.72s]","logger":"airflow.task.hooks.airflow.providers.standard.hooks.subprocess.SubprocessHook"}
{"timestamp":"2026-09-28T06:23:55.167637","level":"info","event":"\u001b[0m06:23:55  18 of 32 START test unique_stg_orders_item_order_item_id ....................... [RUN]","logger":"airflow.task.hooks.airflow.providers.standard.hooks.subprocess.SubprocessHook"}
{"timestamp":"2026-09-28T06:23:55.424817","level":"info","event":"\u001b[0m06:23:55  14 of 32 PASS not_null_stg_orders_order_id ..................................... [\u001b[32mPASS\u001b[0m in 4.95s]","logger":"airflow.task.hooks.airflow.providers.standard.hooks.subprocess.SubprocessHook"}
{"timestamp":"2026-09-28T06:23:55.505063","level":"info","event":"\u001b[0m06:23:55  13 of 32 PASS not_null_stg_orders_customer_id .................................. [\u001b[32mPASS\u001b[0m in 5.06s]","logger":"airflow.task.hooks.airflow.providers.standard.hooks.subprocess.SubprocessHook"}
{"timestamp":"2026-09-28T06:23:55.579472","level":"info","event":"\u001b[0m06:23:55  11 of 32 PASS not_null_stg_users_customer_id ................................... [\u001b[32mPASS\u001b[0m in 7.12s]","logger":"airflow.task.hooks.airflow.providers.standard.hooks.subprocess.SubprocessHook"}
{"timestamp":"2026-09-28T06:23:55.710540","level":"info","event":"\u001b[0m06:23:55  8 of 32 PASS not_null_stg_restaurants_restaurant_id ............................ [\u001b[32mPASS\u001b[0m in 7.28s]","logger":"airflow.task.hooks.airflow.providers.standard.hooks.subprocess.SubprocessHook"}
{"timestamp":"2026-09-28T06:23:55.823349","level":"info","event":"\u001b[0m06:23:55  19 of 32 START sql table model marts.dim_customer .............................. [RUN]","logger":"airflow.task.hooks.airflow.providers.standard.hooks.subprocess.SubprocessHook"}
{"timestamp":"2026-09-28T06:23:55.891389","level":"info","event":"\u001b[0m06:23:55  20 of 32 START sql table model marts.dim_restaurants ........................... [RUN]","logger":"airflow.task.hooks.airflow.providers.standard.hooks.subprocess.SubprocessHook"}
{"timestamp":"2026-09-28T06:23:55.908050","level":"info","event":"\u001b[0m06:23:55  21 of 32 START sql view model staging.stg_reviews .............................. [RUN]","logger":"airflow.task.hooks.airflow.providers.standard.hooks.subprocess.SubprocessHook"}
{"timestamp":"2026-09-28T06:23:57.196791","level":"info","event":"\u001b[0m06:23:57  10 of 32 OK created sql table model marts.dim_food ............................. [\u001b[32mSUCCESS 1\u001b[0m in 8.71s]","logger":"airflow.task.hooks.airflow.providers.standard.hooks.subprocess.SubprocessHook"}
{"timestamp":"2026-09-28T06:23:58.354942","level":"info","event":"\u001b[0m06:23:58  18 of 32 PASS unique_stg_orders_item_order_item_id ............................. [\u001b[32mPASS\u001b[0m in 3.15s]","logger":"airflow.task.hooks.airflow.providers.standard.hooks.subprocess.SubprocessHook"}
{"timestamp":"2026-09-28T06:23:58.380538","level":"info","event":"\u001b[0m06:23:58  17 of 32 PASS not_null_stg_orders_item_order_item_id ........................... [\u001b[32mPASS\u001b[0m in 3.35s]","logger":"airflow.task.hooks.airflow.providers.standard.hooks.subprocess.SubprocessHook"}
{"timestamp":"2026-09-28T06:23:58.696236","level":"info","event":"\u001b[0m06:23:58  16 of 32 PASS unique_stg_orders_order_id ....................................... [\u001b[32mPASS\u001b[0m in 3.82s]","logger":"airflow.task.hooks.airflow.providers.standard.hooks.subprocess.SubprocessHook"}
{"timestamp":"2026-09-28T06:23:58.738476","level":"info","event":"\u001b[0m06:23:58  22 of 32 START sql incremental model marts.fct_order_items ..................... [RUN]","logger":"airflow.task.hooks.airflow.providers.standard.hooks.subprocess.SubprocessHook"}
{"timestamp":"2026-09-28T06:23:58.755674","level":"info","event":"\u001b[0m06:23:58  23 of 32 START sql incremental model marts.fct_orders .......................... [RUN]","logger":"airflow.task.hooks.airflow.providers.standard.hooks.subprocess.SubprocessHook"}
{"timestamp":"2026-09-28T06:23:58.757010","level":"info","event":"\u001b[0m06:23:58  21 of 32 OK created sql view model staging.stg_reviews ......................... [\u001b[32mSUCCESS 1\u001b[0m in 2.75s]","logger":"airflow.task.hooks.airflow.providers.standard.hooks.subprocess.SubprocessHook"}
{"timestamp":"2026-09-28T06:23:59.081129","level":"info","event":"\u001b[0m06:23:59  25 of 32 START test unique_stg_reviews_review_id ............................... [RUN]","logger":"airflow.task.hooks.airflow.providers.standard.hooks.subprocess.SubprocessHook"}
{"timestamp":"2026-09-28T06:23:59.117423","level":"info","event":"\u001b[0m06:23:59  24 of 32 START test not_null_stg_reviews_review_id ............................. [RUN]","logger":"airflow.task.hooks.airflow.providers.standard.hooks.subprocess.SubprocessHook"}
{"timestamp":"2026-09-28T06:23:59.749051","level":"info","event":"\u001b[0m06:23:59  20 of 32 OK created sql table model marts.dim_restaurants ...................... [\u001b[32mSUCCESS 1\u001b[0m in 3.65s]","logger":"airflow.task.hooks.airflow.providers.standard.hooks.subprocess.SubprocessHook"}
{"timestamp":"2026-09-28T06:23:59.947222","level":"info","event":"\u001b[0m06:23:59  19 of 32 OK created sql table model marts.dim_customer ......................... [\u001b[32mSUCCESS 1\u001b[0m in 3.96s]","logger":"airflow.task.hooks.airflow.providers.standard.hooks.subprocess.SubprocessHook"}
{"timestamp":"2026-09-28T06:24:01.980727","level":"info","event":"\u001b[0m06:24:01  24 of 32 PASS not_null_stg_reviews_review_id ................................... [\u001b[32mPASS\u001b[0m in 2.73s]","logger":"airflow.task.hooks.airflow.providers.standard.hooks.subprocess.SubprocessHook"}
{"timestamp":"2026-09-28T06:24:02.513378","level":"info","event":"\u001b[0m06:24:02  25 of 32 PASS unique_stg_reviews_review_id ..................................... [\u001b[32mPASS\u001b[0m in 3.41s]","logger":"airflow.task.hooks.airflow.providers.standard.hooks.subprocess.SubprocessHook"}
{"timestamp":"2026-09-28T06:24:09.164772","level":"info","event":"\u001b[0m06:24:09  22 of 32 OK created sql incremental model marts.fct_order_items ................ [\u001b[32mSUCCESS 0\u001b[0m in 10.23s]","logger":"airflow.task.hooks.airflow.providers.standard.hooks.subprocess.SubprocessHook"}
{"timestamp":"2026-09-28T06:24:11.242314","level":"info","event":"\u001b[0m06:24:11  23 of 32 OK created sql incremental model marts.fct_orders ..................... [\u001b[32mSUCCESS 0\u001b[0m in 12.35s]","logger":"airflow.task.hooks.airflow.providers.standard.hooks.subprocess.SubprocessHook"}
{"timestamp":"2026-09-28T06:24:11.242505","level":"info","event":"\u001b[0m06:24:11  26 of 32 START test accepted_values_fct_orders_order_status__Delivered__Cancelled__Refunded  [RUN]","logger":"airflow.task.hooks.airflow.providers.standard.hooks.subprocess.SubprocessHook"}
{"timestamp":"2026-09-28T06:24:12.271430","level":"info","event":"\u001b[0m06:24:11  27 of 32 START test not_null_fct_orders_order_id ............................... [RUN]","logger":"airflow.task.hooks.airflow.providers.standard.hooks.subprocess.SubprocessHook"}
{"timestamp":"2026-09-28T06:24:12.929225","level":"info","event":"\u001b[0m06:24:12  28 of 32 START test relationships_fct_orders_customer_id__customer_id__ref_dim_customer_  [RUN]","logger":"airflow.task.hooks.airflow.providers.standard.hooks.subprocess.SubprocessHook"}
{"timestamp":"2026-09-28T06:24:13.653556","level":"info","event":"\u001b[0m06:24:13  29 of 32 START test unique_fct_orders_order_id ................................. [RUN]","logger":"airflow.task.hooks.airflow.providers.standard.hooks.subprocess.SubprocessHook"}
{"timestamp":"2026-09-28T06:24:22.111898","level":"info","event":"\u001b[0m06:24:22  27 of 32 PASS not_null_fct_orders_order_id ..................................... [\u001b[32mPASS\u001b[0m in 10.23s]","logger":"airflow.task.hooks.airflow.providers.standard.hooks.subprocess.SubprocessHook"}
{"timestamp":"2026-09-28T06:24:25.961148","level":"info","event":"\u001b[0m06:24:25  29 of 32 PASS unique_fct_orders_order_id ....................................... [\u001b[32mPASS\u001b[0m in 12.18s]","logger":"airflow.task.hooks.airflow.providers.standard.hooks.subprocess.SubprocessHook"}
{"timestamp":"2026-09-28T06:24:26.434568","level":"info","event":"\u001b[0m06:24:26  28 of 32 PASS relationships_fct_orders_customer_id__customer_id__ref_dim_customer_  [\u001b[32mPASS\u001b[0m in 13.49s]","logger":"airflow.task.hooks.airflow.providers.standard.hooks.subprocess.SubprocessHook"}
{"timestamp":"2026-09-28T06:24:26.447131","level":"info","event":"\u001b[0m06:24:26  26 of 32 PASS accepted_values_fct_orders_order_status__Delivered__Cancelled__Refunded  [\u001b[32mPASS\u001b[0m in 15.25s]","logger":"airflow.task.hooks.airflow.providers.standard.hooks.subprocess.SubprocessHook"}
{"timestamp":"2026-09-28T06:24:26.832556","level":"info","event":"\u001b[0m06:24:26  31 of 32 START sql table model marts.mart_delivery_sla ......................... [RUN]","logger":"airflow.task.hooks.airflow.providers.standard.hooks.subprocess.SubprocessHook"}
{"timestamp":"2026-09-28T06:24:26.847603","level":"info","event":"\u001b[0m06:24:26  30 of 32 START sql table model marts.mart_daily_city_revenue ................... [RUN]","logger":"airflow.task.hooks.airflow.providers.standard.hooks.subprocess.SubprocessHook"}
{"timestamp":"2026-09-28T06:24:26.853519","level":"info","event":"\u001b[0m06:24:26  32 of 32 START sql table model marts.mart_restaurant_performance ............... [RUN]","logger":"airflow.task.hooks.airflow.providers.standard.hooks.subprocess.SubprocessHook"}
{"timestamp":"2026-09-28T06:24:34.594003","level":"info","event":"\u001b[0m06:24:34  30 of 32 OK created sql table model marts.mart_daily_city_revenue .............. [\u001b[32mSUCCESS 1\u001b[0m in 7.73s]","logger":"airflow.task.hooks.airflow.providers.standard.hooks.subprocess.SubprocessHook"}
{"timestamp":"2026-09-28T06:24:34.754218","level":"info","event":"\u001b[0m06:24:34  31 of 32 OK created sql table model marts.mart_delivery_sla .................... [\u001b[32mSUCCESS 1\u001b[0m in 7.91s]","logger":"airflow.task.hooks.airflow.providers.standard.hooks.subprocess.SubprocessHook"}
{"timestamp":"2026-09-28T06:24:34.905953","level":"info","event":"\u001b[0m06:24:34  32 of 32 OK created sql table model marts.mart_restaurant_performance .......... [\u001b[32mSUCCESS 1\u001b[0m in 8.04s]","logger":"airflow.task.hooks.airflow.providers.standard.hooks.subprocess.SubprocessHook"}
{"timestamp":"2026-09-28T06:24:34.962173","level":"info","event":"\u001b[0m06:24:34","logger":"airflow.task.hooks.airflow.providers.standard.hooks.subprocess.SubprocessHook"}
{"timestamp":"2026-09-28T06:24:34.964239","level":"info","event":"\u001b[0m06:24:34  Finished running 2 incremental models, 7 table models, 16 data tests, 7 view models in 0 hours 1 minutes and 11.03 seconds (71.03s).","logger":"airflow.task.hooks.airflow.providers.standard.hooks.subprocess.SubprocessHook"}
{"timestamp":"2026-09-28T06:24:36.234159","level":"info","event":"\u001b[0m06:24:36","logger":"airflow.task.hooks.airflow.providers.standard.hooks.subprocess.SubprocessHook"}
{"timestamp":"2026-09-28T06:24:36.238389","level":"info","event":"\u001b[0m06:24:36  \u001b[32mCompleted successfully\u001b[0m","logger":"airflow.task.hooks.airflow.providers.standard.hooks.subprocess.SubprocessHook"}
{"timestamp":"2026-09-28T06:24:36.241431","level":"info","event":"\u001b[0m06:24:36","logger":"airflow.task.hooks.airflow.providers.standard.hooks.subprocess.SubprocessHook"}
{"timestamp":"2026-09-28T06:24:36.243323","level":"info","event":"\u001b[0m06:24:36  Done. PASS=32 WARN=0 ERROR=0 SKIP=0 NO-OP=0 REUSED=0 TOTAL=32","logger":"airflow.task.hooks.airflow.providers.standard.hooks.subprocess.SubprocessHook"}
{"timestamp":"2026-09-28T06:24:42.343360","level":"info","event":"Command exited with return code 0","logger":"airflow.task.hooks.airflow.providers.standard.hooks.subprocess.SubprocessHook"}
{"timestamp":"2026-09-28T06:24:42.481200","level":"info","event":"Pushing xcom","ti":"RuntimeTaskInstance(id=UUID('01a0e6a7-eef9-7494-9e23-31843a52f0fb'), task_id='dbt_build_core', dag_id='zomato_batch', run_id='manual__2026-09-28T06:15:59.717802+00:00', try_number=1, map_index=-1, hostname='6d02bd0420a2', context_carrier=None, task=<Task(BashOperator): dbt_build_core>, bundle_instance=LocalDagBundle(name=dags-folder), max_tries=0, start_date=datetime.datetime(2026, 9, 28, 6, 21, 24, 838622, tzinfo=datetime.timezone.utc), end_date=None, state=<TaskInstanceState.RUNNING: 'running'>, is_mapped=False, rendered_map_index=None, log_url='http://localhost:8080/dags/zomato_batch/runs/manual__2026-09-28T06%3A15%3A59.717802%2B00%3A00/tasks/dbt_build_core?try_number=1')","logger":"task"}
