[0m13:00:13.165890 [debug] [MainThread]: Sending event: {'category': 'dbt', 'action': 'invocation', 'label': 'start', 'context': [<snowplow_tracker.self_describing_json.SelfDescribingJson object at 0x00000208F4BD7F80>, <snowplow_tracker.self_describing_json.SelfDescribingJson object at 0x00000208F7276F30>, <snowplow_tracker.self_describing_json.SelfDescribingJson object at 0x00000208F792B860>]}


============================== 13:00:13.184634 | fe71e489-8399-4dfa-88aa-98a7de704254 ==============================
[0m13:00:13.184634 [info ] [MainThread]: Running with dbt=1.12.5
[0m13:00:13.186640 [debug] [MainThread]: running dbt with arguments {'version_check': 'True', 'no_print': 'None', 'maximum_seed_size_mib': '1', 'target_path': 'None', 'static_parser': 'True', 'warn_error_options': 'WarnErrorOptionsV2(error=[], warn=[], silence=[])', 'printer_width': '80', 'write_json': 'True', 'empty': 'None', 'log_cache_events': 'False', 'introspect': 'True', 'cache_selected_only': 'False', 'log_format': 'default', 'debug': 'False', 'fail_fast': 'False', 'profiles_dir': 'C:\\Users\\mypc\\.dbt', 'send_anonymous_usage_stats': 'True', 'quiet': 'False', 'warn_error': 'None', 'partial_parse': 'True', 'invocation_command': 'dbt init zomato', 'hints_enabled': 'True', 'use_colors': 'True', 'use_experimental_parser': 'False', 'indirect_selection': 'eager', 'log_path': 'logs'}
[0m13:00:13.215684 [info ] [MainThread]: Creating dbt configuration folder at C:\Users\mypc\.dbt
[0m13:00:13.220001 [debug] [MainThread]: Starter project path: C:\Users\mypc\AppData\Roaming\Python\Python312\site-packages\dbt\include\starter_project
[0m13:00:13.539528 [info ] [MainThread]: Setting up your profile.
[0m13:00:37.435983 [debug] [MainThread]: Snowflake adapter: Setting snowflake.connector to ERROR (file logging only)
[0m13:00:37.436996 [debug] [MainThread]: Snowflake adapter: Setting botocore to ERROR (file logging only)
[0m13:00:37.436996 [debug] [MainThread]: Snowflake adapter: Setting boto3 to ERROR (file logging only)
[0m13:24:04.972673 [info ] [MainThread]: Profile zomato written to C:\Users\mypc\.dbt\profiles.yml using target's profile_template.yml and your supplied values.
[0m13:24:05.004408 [info ] [MainThread]: Running dbt debug to validate the project...
[0m13:24:05.006925 [info ] [MainThread]: dbt version: 1.12.5
[0m13:24:05.008494 [info ] [MainThread]: python version: 3.12.2
[0m13:24:05.009502 [info ] [MainThread]: python path: C:\Program Files\Python312\python.exe
[0m13:24:05.009502 [info ] [MainThread]: os info: Windows-11-10.0.26200-SP0
[0m13:24:05.173276 [info ] [MainThread]: Using profiles dir at C:\Users\mypc\.dbt
[0m13:24:05.175266 [info ] [MainThread]: Using profiles.yml file at C:\Users\mypc\.dbt\profiles.yml
[0m13:24:05.175266 [info ] [MainThread]: Using dbt_project.yml file at C:\zomato-ai-project\zomato\dbt_project.yml
[0m13:24:05.176774 [info ] [MainThread]: adapter type: snowflake
[0m13:24:05.178317 [info ] [MainThread]: adapter version: 1.12.1
[0m13:24:05.351545 [info ] [MainThread]: Configuration:
[0m13:24:05.353055 [info ] [MainThread]:   profiles.yml file [[32mOK found and valid[0m]
[0m13:24:05.354066 [info ] [MainThread]:   dbt_project.yml file [[32mOK found and valid[0m]
[0m13:24:05.354066 [info ] [MainThread]: Required dependencies:
[0m13:24:05.355065 [debug] [MainThread]: Executing "git --help"
[0m13:24:05.958392 [debug] [MainThread]: STDOUT: "b"usage: git [-v | --version] [-h | --help] [-C <path>] [-c <name>=<value>]\n           [--exec-path[=<path>]] [--html-path] [--man-path] [--info-path]\n           [-p | --paginate | -P | --no-pager] [--no-replace-objects] [--no-lazy-fetch]\n           [--no-optional-locks] [--no-advice] [--bare] [--git-dir=<path>]\n           [--work-tree=<path>] [--namespace=<name>] [--config-env=<name>=<envvar>]\n           <command> [<args>]\n\nThese are common Git commands used in various situations:\n\nstart a working area (see also: git help tutorial)\n   clone      Clone a repository into a new directory\n   init       Create an empty Git repository or reinitialize an existing one\n\nwork on the current change (see also: git help everyday)\n   add        Add file contents to the index\n   mv         Move or rename a file, a directory, or a symlink\n   restore    Restore working tree files\n   rm         Remove files from the working tree and from the index\n\nexamine the history and state (see also: git help revisions)\n   bisect     Use binary search to find the commit that introduced a bug\n   diff       Show changes between commits, commit and working tree, etc\n   grep       Print lines matching a pattern\n   log        Show commit logs\n   show       Show various types of objects\n   status     Show the working tree status\n\ngrow, mark and tweak your common history\n   backfill   Download missing objects in a partial clone\n   branch     List, create, or delete branches\n   commit     Record changes to the repository\n   history    EXPERIMENTAL: Rewrite history\n   merge      Join two or more development histories together\n   rebase     Reapply commits on top of another base tip\n   reset      Set `HEAD` or the index to a known state\n   switch     Switch branches\n   tag        Create, list, delete or verify tags\n\ncollaborate (see also: git help workflows)\n   fetch      Download objects and refs from another repository\n   pull       Fetch from and integrate with another repository or a local branch\n   push       Update remote refs along with associated objects\n\n'git help -a' and 'git help -g' list available subcommands and some\nconcept guides. See 'git help <command>' or 'git help <concept>'\nto read about a specific subcommand or concept.\nSee 'git help git' for an overview of the system.\n""
[0m13:24:05.959428 [debug] [MainThread]: STDERR: "b''"
[0m13:24:05.960429 [info ] [MainThread]:  - git [[32mOK found[0m]

[0m13:24:05.961935 [info ] [MainThread]: Connection:
[0m13:24:05.962955 [info ] [MainThread]:   account: XOFJGDS-PH36867
[0m13:24:05.964948 [info ] [MainThread]:   user: diya
[0m13:24:05.965950 [info ] [MainThread]:   database: ZOMATO_WH
[0m13:24:05.966949 [info ] [MainThread]:   warehouse: ZOMATO_WH]
[0m13:24:05.967966 [info ] [MainThread]:   role: DBT_ROLE
[0m13:24:05.968979 [info ] [MainThread]:   schema: STAGING
[0m13:24:05.972988 [info ] [MainThread]:   authenticator: None
[0m13:24:05.974998 [info ] [MainThread]:   oauth_client_id: None
[0m13:24:05.976509 [info ] [MainThread]:   query_tag: None
[0m13:24:05.978074 [info ] [MainThread]:   client_session_keep_alive: False
[0m13:24:05.979084 [info ] [MainThread]:   host: None
[0m13:24:05.982434 [info ] [MainThread]:   port: None
[0m13:24:05.984436 [info ] [MainThread]:   proxy_host: None
[0m13:24:05.986771 [info ] [MainThread]:   proxy_port: None
[0m13:24:05.990346 [info ] [MainThread]:   protocol: None
[0m13:24:05.991475 [info ] [MainThread]:   connect_retries: 1
[0m13:24:05.992494 [info ] [MainThread]:   connect_timeout: None
[0m13:24:05.993492 [info ] [MainThread]:   retry_on_database_errors: False
[0m13:24:05.994492 [info ] [MainThread]:   retry_all: False
[0m13:24:05.995490 [info ] [MainThread]:   insecure_mode: False
[0m13:24:05.995490 [info ] [MainThread]:   reuse_connections: True
[0m13:24:05.996491 [info ] [MainThread]:   s3_stage_vpce_dns_name: None
[0m13:24:05.999246 [info ] [MainThread]:   workload_identity_provider: None
[0m13:24:06.000622 [info ] [MainThread]:   workload_identity_entra_resource: None
[0m13:24:06.002652 [info ] [MainThread]:   platform_detection_timeout_seconds: 0.0
[0m13:24:06.005653 [info ] [MainThread]: Registered adapter: snowflake=1.12.1
[0m13:24:06.602210 [debug] [MainThread]: Acquiring new snowflake connection 'debug'
[0m13:24:06.606723 [debug] [MainThread]: Using snowflake connection "debug"
[0m13:24:06.608313 [debug] [MainThread]: On debug: select 1 as id
[0m13:24:06.608313 [debug] [MainThread]: Opening a new connection, currently in state init
[0m13:24:09.103014 [debug] [MainThread]: Snowflake adapter: Error running SQL: select 1 as id
[0m13:24:09.104016 [debug] [MainThread]: Snowflake adapter: Rolling back transaction.
[0m13:24:09.104016 [info ] [MainThread]:   Connection test: [[31mERROR[0m]

[0m13:24:09.105037 [info ] [MainThread]: [31m1 check failed:[0m
[0m13:24:09.105037 [info ] [MainThread]: dbt was unable to connect to the specified database.
The database returned the following error:

  >Database Error
  390100 (28000): Failed to connect to DB: XOFJGDS-PH36867.snowflakecomputing.com:443. Incorrect username or password was specified. [9ee39dee-41e4-4cad-92a1-15a7aafaa0dc]

Check your database credentials and try again. For more information, visit:
https://docs.getdbt.com/docs/configure-your-profile


[0m13:24:09.106550 [info ] [MainThread]: Your new dbt project "zomato" was created!
Initialized new project in C:\zomato-ai-project\zomato\zomato

For more information on how to configure the profiles.yml file,
please consult the dbt documentation here:

  https://docs.getdbt.com/docs/configure-your-profile

One more thing:

Need help? Don't hesitate to reach out to us via GitHub issues or on Slack:

  https://community.getdbt.com/

Happy modeling!

[0m13:24:09.106550 [info ] [MainThread]: [31mYour profile may need adjustments. You can find the logs of `dbt debug` above[0m
[0m13:24:09.109160 [debug] [MainThread]: Command `dbt init` succeeded at 13:24:09.109160 after 1436.21 seconds
[0m13:24:09.110134 [debug] [MainThread]: Connection 'debug' was left open.
[0m13:24:09.111174 [debug] [MainThread]: On debug: No close available on handle
[0m13:24:09.111174 [debug] [MainThread]: Sending event: {'category': 'dbt', 'action': 'invocation', 'label': 'end', 'context': [<snowplow_tracker.self_describing_json.SelfDescribingJson object at 0x00000208F79FF920>, <snowplow_tracker.self_describing_json.SelfDescribingJson object at 0x00000208F7CA63C0>, <snowplow_tracker.self_describing_json.SelfDescribingJson object at 0x00000208F5D12C60>]}
[0m13:24:09.112152 [debug] [MainThread]: Flushing usage events
[0m13:24:11.454136 [debug] [MainThread]: An error was encountered while trying to flush usage events
[0m13:53:28.657223 [debug] [MainThread]: Sending event: {'category': 'dbt', 'action': 'invocation', 'label': 'start', 'context': [<snowplow_tracker.self_describing_json.SelfDescribingJson object at 0x000002587FF488F0>, <snowplow_tracker.self_describing_json.SelfDescribingJson object at 0x000002587EFACE90>, <snowplow_tracker.self_describing_json.SelfDescribingJson object at 0x000002587F9C1D30>]}


============================== 13:53:28.674479 | 5a95d3ba-063e-4d09-a672-61081f914555 ==============================
[0m13:53:28.674479 [info ] [MainThread]: Running with dbt=1.12.5
[0m13:53:28.687359 [debug] [MainThread]: running dbt with arguments {'version_check': 'True', 'no_print': 'None', 'maximum_seed_size_mib': '1', 'target_path': 'None', 'static_parser': 'True', 'warn_error_options': 'WarnErrorOptionsV2(error=[], warn=[], silence=[])', 'printer_width': '80', 'write_json': 'True', 'empty': 'False', 'log_cache_events': 'False', 'introspect': 'True', 'cache_selected_only': 'False', 'log_format': 'default', 'debug': 'False', 'fail_fast': 'False', 'partial_parse': 'True', 'send_anonymous_usage_stats': 'True', 'quiet': 'False', 'warn_error': 'None', 'profiles_dir': 'C:\\Users\\mypc\\.dbt', 'indirect_selection': 'eager', 'hints_enabled': 'True', 'use_colors': 'True', 'use_experimental_parser': 'False', 'invocation_command': 'dbt run --select staging', 'log_path': 'logs'}
[0m13:53:28.688374 [error] [MainThread]: [[31mERROR[0m]: Encountered an error:
Runtime Error
  No dbt_project.yml found at expected path C:\zomato-ai-project\dbt_project.yml
  Verify that each entry within packages.yml (and their transitive dependencies) contains a file named dbt_project.yml
  
[0m13:53:28.691375 [debug] [MainThread]: Command `dbt run` failed at 13:53:28.691375 after 0.50 seconds
[0m13:53:28.692780 [debug] [MainThread]: Sending event: {'category': 'dbt', 'action': 'invocation', 'label': 'end', 'context': [<snowplow_tracker.self_describing_json.SelfDescribingJson object at 0x0000025801AB65A0>, <snowplow_tracker.self_describing_json.SelfDescribingJson object at 0x000002587FC19DC0>, <snowplow_tracker.self_describing_json.SelfDescribingJson object at 0x000002587FEE32C0>]}
[0m13:53:28.694230 [debug] [MainThread]: Flushing usage events
[0m13:53:31.033156 [debug] [MainThread]: An error was encountered while trying to flush usage events
[0m20:29:16.246043 [debug] [MainThread]: Sending event: {'category': 'dbt', 'action': 'invocation', 'label': 'start', 'context': [<snowplow_tracker.self_describing_json.SelfDescribingJson object at 0x0000019E2EE0E1B0>, <snowplow_tracker.self_describing_json.SelfDescribingJson object at 0x0000019E317EA000>, <snowplow_tracker.self_describing_json.SelfDescribingJson object at 0x0000019E321F84A0>]}


============================== 20:29:16.272076 | eab94130-ec18-48d5-bd72-a72fa7615da0 ==============================
[0m20:29:16.272076 [info ] [MainThread]: Running with dbt=1.12.5
[0m20:29:16.275523 [debug] [MainThread]: running dbt with arguments {'version_check': 'True', 'no_print': 'None', 'static_parser': 'True', 'target_path': 'None', 'maximum_seed_size_mib': '1', 'warn_error_options': 'WarnErrorOptionsV2(error=[], warn=[], silence=[])', 'printer_width': '80', 'write_json': 'True', 'empty': 'False', 'log_cache_events': 'False', 'introspect': 'True', 'cache_selected_only': 'False', 'fail_fast': 'False', 'debug': 'False', 'log_format': 'default', 'profiles_dir': 'C:\\Users\\mypc\\.dbt', 'send_anonymous_usage_stats': 'True', 'quiet': 'False', 'warn_error': 'None', 'partial_parse': 'True', 'use_colors': 'True', 'hints_enabled': 'True', 'invocation_command': 'dbt run --select marts', 'use_experimental_parser': 'False', 'indirect_selection': 'eager', 'log_path': 'logs'}
[0m20:29:16.277804 [error] [MainThread]: [[31mERROR[0m]: Encountered an error:
Runtime Error
  No dbt_project.yml found at expected path C:\zomato-ai-project\dbt_project.yml
  Verify that each entry within packages.yml (and their transitive dependencies) contains a file named dbt_project.yml
  
[0m20:29:16.282782 [debug] [MainThread]: Command `dbt run` failed at 20:29:16.281785 after 1.16 seconds
[0m20:29:16.285306 [debug] [MainThread]: Sending event: {'category': 'dbt', 'action': 'invocation', 'label': 'end', 'context': [<snowplow_tracker.self_describing_json.SelfDescribingJson object at 0x0000019E2F559280>, <snowplow_tracker.self_describing_json.SelfDescribingJson object at 0x0000019E3439BD40>, <snowplow_tracker.self_describing_json.SelfDescribingJson object at 0x0000019E34398320>]}
[0m20:29:16.288431 [debug] [MainThread]: Flushing usage events
[0m20:29:32.061053 [debug] [MainThread]: An error was encountered while trying to flush usage events
[0m20:30:33.050228 [debug] [MainThread]: Sending event: {'category': 'dbt', 'action': 'invocation', 'label': 'start', 'context': [<snowplow_tracker.self_describing_json.SelfDescribingJson object at 0x000001447217E1B0>, <snowplow_tracker.self_describing_json.SelfDescribingJson object at 0x00000144776DCFE0>, <snowplow_tracker.self_describing_json.SelfDescribingJson object at 0x00000144739C6DE0>]}


============================== 20:30:33.074830 | 3128213b-376c-4bed-ac36-fc9a3ee96bf9 ==============================
[0m20:30:33.074830 [info ] [MainThread]: Running with dbt=1.12.5
[0m20:30:33.077334 [debug] [MainThread]: running dbt with arguments {'version_check': 'True', 'no_print': 'None', 'maximum_seed_size_mib': '1', 'target_path': 'None', 'warn_error_options': 'WarnErrorOptionsV2(error=[], warn=[], silence=[])', 'static_parser': 'True', 'printer_width': '80', 'write_json': 'True', 'empty': 'False', 'log_cache_events': 'False', 'introspect': 'True', 'cache_selected_only': 'False', 'fail_fast': 'False', 'debug': 'False', 'log_format': 'default', 'profiles_dir': 'C:\\Users\\mypc\\.dbt', 'send_anonymous_usage_stats': 'True', 'quiet': 'False', 'warn_error': 'None', 'partial_parse': 'True', 'use_colors': 'True', 'hints_enabled': 'True', 'indirect_selection': 'eager', 'use_experimental_parser': 'False', 'invocation_command': 'dbt run --select marts', 'log_path': 'logs'}
[0m20:30:33.079369 [error] [MainThread]: [[31mERROR[0m]: Encountered an error:
Runtime Error
  No dbt_project.yml found at expected path C:\zomato-ai-project\dbt_project.yml
  Verify that each entry within packages.yml (and their transitive dependencies) contains a file named dbt_project.yml
  
[0m20:30:33.082373 [debug] [MainThread]: Command `dbt run` failed at 20:30:33.082373 after 0.55 seconds
[0m20:30:33.083967 [debug] [MainThread]: Sending event: {'category': 'dbt', 'action': 'invocation', 'label': 'end', 'context': [<snowplow_tracker.self_describing_json.SelfDescribingJson object at 0x0000014475C46390>, <snowplow_tracker.self_describing_json.SelfDescribingJson object at 0x000001447217E1B0>, <snowplow_tracker.self_describing_json.SelfDescribingJson object at 0x0000014477846720>]}
[0m20:30:33.085014 [debug] [MainThread]: Flushing usage events
[0m20:30:39.084209 [debug] [MainThread]: An error was encountered while trying to flush usage events
[0m20:32:53.861708 [debug] [MainThread]: Sending event: {'category': 'dbt', 'action': 'invocation', 'label': 'start', 'context': [<snowplow_tracker.self_describing_json.SelfDescribingJson object at 0x000002398A331010>, <snowplow_tracker.self_describing_json.SelfDescribingJson object at 0x000002398801BC20>, <snowplow_tracker.self_describing_json.SelfDescribingJson object at 0x0000023988019790>]}


============================== 20:32:53.870709 | 85f68c3a-49af-4539-8f24-523c622fc410 ==============================
[0m20:32:53.870709 [info ] [MainThread]: Running with dbt=1.12.5
[0m20:32:53.871705 [debug] [MainThread]: running dbt with arguments {'maximum_seed_size_mib': '1', 'no_print': 'None', 'static_parser': 'True', 'warn_error_options': 'WarnErrorOptionsV2(error=[], warn=[], silence=[])', 'target_path': 'None', 'version_check': 'True', 'printer_width': '80', 'write_json': 'True', 'introspect': 'True', 'log_cache_events': 'False', 'empty': 'False', 'cache_selected_only': 'False', 'fail_fast': 'False', 'debug': 'False', 'log_format': 'default', 'partial_parse': 'True', 'send_anonymous_usage_stats': 'True', 'quiet': 'False', 'warn_error': 'None', 'profiles_dir': 'C:\\Users\\mypc\\.dbt', 'invocation_command': 'dbt run --select marts', 'hints_enabled': 'True', 'use_colors': 'True', 'use_experimental_parser': 'False', 'indirect_selection': 'eager', 'log_path': 'logs'}
[0m20:32:53.871705 [error] [MainThread]: [[31mERROR[0m]: Encountered an error:
Runtime Error
  No dbt_project.yml found at expected path C:\zomato-ai-project\dbt_project.yml
  Verify that each entry within packages.yml (and their transitive dependencies) contains a file named dbt_project.yml
  
[0m20:32:53.873705 [debug] [MainThread]: Command `dbt run` failed at 20:32:53.872704 after 0.34 seconds
[0m20:32:53.873705 [debug] [MainThread]: Sending event: {'category': 'dbt', 'action': 'invocation', 'label': 'end', 'context': [<snowplow_tracker.self_describing_json.SelfDescribingJson object at 0x000002398A342390>, <snowplow_tracker.self_describing_json.SelfDescribingJson object at 0x000002398A29A450>, <snowplow_tracker.self_describing_json.SelfDescribingJson object at 0x000002398799ECF0>]}
[0m20:32:53.873705 [debug] [MainThread]: Flushing usage events
[0m20:33:08.481024 [debug] [MainThread]: An error was encountered while trying to flush usage events
[0m20:33:29.505414 [debug] [MainThread]: Sending event: {'category': 'dbt', 'action': 'invocation', 'label': 'start', 'context': [<snowplow_tracker.self_describing_json.SelfDescribingJson object at 0x0000020EA945A0C0>, <snowplow_tracker.self_describing_json.SelfDescribingJson object at 0x0000020EAC664860>, <snowplow_tracker.self_describing_json.SelfDescribingJson object at 0x0000020EAC619400>]}


============================== 20:33:29.513411 | e3e0849a-29e6-4b6f-bebf-af7eb621961b ==============================
[0m20:33:29.513411 [info ] [MainThread]: Running with dbt=1.12.5
[0m20:33:29.514414 [debug] [MainThread]: running dbt with arguments {'static_parser': 'True', 'no_print': 'None', 'maximum_seed_size_mib': '1', 'warn_error_options': 'WarnErrorOptionsV2(error=[], warn=[], silence=[])', 'target_path': 'None', 'version_check': 'True', 'printer_width': '80', 'write_json': 'True', 'empty': 'None', 'log_cache_events': 'False', 'introspect': 'True', 'cache_selected_only': 'False', 'log_format': 'default', 'debug': 'False', 'fail_fast': 'False', 'partial_parse': 'True', 'send_anonymous_usage_stats': 'True', 'quiet': 'False', 'warn_error': 'None', 'profiles_dir': 'C:\\Users\\mypc\\.dbt', 'indirect_selection': 'eager', 'hints_enabled': 'True', 'use_colors': 'True', 'use_experimental_parser': 'False', 'invocation_command': 'dbt debug --config-dir', 'log_path': 'logs'}
[0m20:33:29.554020 [info ] [MainThread]: To view your profiles.yml file, run:

start C:\Users\mypc\.dbt
[0m20:33:29.556063 [debug] [MainThread]: Command `dbt debug` succeeded at 20:33:29.556063 after 0.22 seconds
[0m20:33:29.557022 [debug] [MainThread]: Sending event: {'category': 'dbt', 'action': 'invocation', 'label': 'end', 'context': [<snowplow_tracker.self_describing_json.SelfDescribingJson object at 0x0000020EA93ED040>, <snowplow_tracker.self_describing_json.SelfDescribingJson object at 0x0000020EAC4C7DA0>, <snowplow_tracker.self_describing_json.SelfDescribingJson object at 0x0000020EAA524770>]}
[0m20:33:29.558062 [debug] [MainThread]: Flushing usage events
[0m20:33:31.671699 [debug] [MainThread]: An error was encountered while trying to flush usage events
[0m20:34:50.297189 [debug] [MainThread]: Sending event: {'category': 'dbt', 'action': 'invocation', 'label': 'start', 'context': [<snowplow_tracker.self_describing_json.SelfDescribingJson object at 0x00000299DB9F2FF0>, <snowplow_tracker.self_describing_json.SelfDescribingJson object at 0x00000299DB1BB110>, <snowplow_tracker.self_describing_json.SelfDescribingJson object at 0x00000299DB607650>]}


============================== 20:34:50.306274 | c66e9bad-cf89-434f-a21b-b07ebddc831a ==============================
[0m20:34:50.306274 [info ] [MainThread]: Running with dbt=1.12.5
[0m20:34:50.307275 [debug] [MainThread]: running dbt with arguments {'static_parser': 'True', 'no_print': 'None', 'version_check': 'True', 'target_path': 'None', 'maximum_seed_size_mib': '1', 'warn_error_options': 'WarnErrorOptionsV2(error=[], warn=[], silence=[])', 'printer_width': '80', 'write_json': 'True', 'introspect': 'True', 'log_cache_events': 'False', 'empty': 'False', 'cache_selected_only': 'False', 'fail_fast': 'False', 'debug': 'False', 'log_format': 'default', 'profiles_dir': 'C:\\Users\\mypc\\.dbt', 'send_anonymous_usage_stats': 'True', 'quiet': 'False', 'warn_error': 'None', 'partial_parse': 'True', 'indirect_selection': 'eager', 'hints_enabled': 'True', 'use_colors': 'True', 'use_experimental_parser': 'False', 'invocation_command': 'dbt run --select staging', 'log_path': 'logs'}
[0m20:34:50.308275 [error] [MainThread]: [[31mERROR[0m]: Encountered an error:
Runtime Error
  No dbt_project.yml found at expected path C:\zomato-ai-project\dbt_project.yml
  Verify that each entry within packages.yml (and their transitive dependencies) contains a file named dbt_project.yml
  
[0m20:34:50.309276 [debug] [MainThread]: Command `dbt run` failed at 20:34:50.309276 after 0.25 seconds
[0m20:34:50.309276 [debug] [MainThread]: Sending event: {'category': 'dbt', 'action': 'invocation', 'label': 'end', 'context': [<snowplow_tracker.self_describing_json.SelfDescribingJson object at 0x00000299DB1BB110>, <snowplow_tracker.self_describing_json.SelfDescribingJson object at 0x00000299DD552510>, <snowplow_tracker.self_describing_json.SelfDescribingJson object at 0x00000299D856D670>]}
[0m20:34:50.311371 [debug] [MainThread]: Flushing usage events
[0m20:34:52.694237 [debug] [MainThread]: An error was encountered while trying to flush usage events
[0m12:47:46.186169 [debug] [MainThread]: Sending event: {'category': 'dbt', 'action': 'invocation', 'label': 'start', 'context': [<snowplow_tracker.self_describing_json.SelfDescribingJson object at 0x000001F774671B20>, <snowplow_tracker.self_describing_json.SelfDescribingJson object at 0x000001F774DB5040>, <snowplow_tracker.self_describing_json.SelfDescribingJson object at 0x000001F776FD0F80>]}


============================== 12:47:46.222145 | eb0975f1-dde0-4581-b4de-20044bab8158 ==============================
[0m12:47:46.222145 [info ] [MainThread]: Running with dbt=1.12.5
[0m12:47:46.223666 [debug] [MainThread]: running dbt with arguments {'version_check': 'True', 'no_print': 'None', 'static_parser': 'True', 'warn_error_options': 'WarnErrorOptionsV2(error=[], warn=[], silence=[])', 'target_path': 'None', 'maximum_seed_size_mib': '1', 'printer_width': '80', 'write_json': 'True', 'introspect': 'True', 'log_cache_events': 'False', 'empty': 'None', 'cache_selected_only': 'False', 'log_format': 'default', 'debug': 'False', 'fail_fast': 'False', 'partial_parse': 'True', 'send_anonymous_usage_stats': 'True', 'quiet': 'False', 'warn_error': 'None', 'profiles_dir': 'C:\\Users\\mypc\\.dbt', 'use_colors': 'True', 'hints_enabled': 'True', 'indirect_selection': 'eager', 'use_experimental_parser': 'False', 'invocation_command': 'dbt test', 'log_path': 'logs'}
[0m12:47:46.226015 [error] [MainThread]: [[31mERROR[0m]: Encountered an error:
Runtime Error
  No dbt_project.yml found at expected path C:\zomato-ai-project\dbt_project.yml
  Verify that each entry within packages.yml (and their transitive dependencies) contains a file named dbt_project.yml
  
[0m12:47:46.229453 [debug] [MainThread]: Command `dbt test` failed at 12:47:46.229453 after 0.75 seconds
[0m12:47:46.229453 [debug] [MainThread]: Sending event: {'category': 'dbt', 'action': 'invocation', 'label': 'end', 'context': [<snowplow_tracker.self_describing_json.SelfDescribingJson object at 0x000001F7764A6660>, <snowplow_tracker.self_describing_json.SelfDescribingJson object at 0x000001F776E76330>, <snowplow_tracker.self_describing_json.SelfDescribingJson object at 0x000001F778CAA450>]}
[0m12:47:46.230964 [debug] [MainThread]: Flushing usage events
[0m12:47:51.919819 [debug] [MainThread]: An error was encountered while trying to flush usage events
